<html>
<body>
<pre>
<h1>µVision Build Log</h1>
<h2>Tool Versions:</h2>
IDE-Version: ¦ÌVision V5.14.0.0
Copyright (C) 2015 ARM Ltd and ARM Germany GmbH. All rights reserved.
License Information: q hanzheng, qq, LIC=BUUHL-04HRG-3MS9Q-NA6LY-35TIS-5DTY0
 
Tool Versions:
Toolchain:       MDK-ARM Standard  Version: 5.14.0.0
Toolchain Path:  C:\Keil_v5\ARM\ARMCC\Bin
C Compiler:      Armcc.exe V5.05 update 1 (build 106)
Assembler:       Armasm.exe V5.05 update 1 (build 106)
Linker/Locator:  ArmLink.exe V5.05 update 1 (build 106)
Library Manager: ArmAr.exe V5.05 update 1 (build 106)
Hex Converter:   FromElf.exe V5.05 update 1 (build 106)
CPU DLL:         SARMCM3.DLL V5.14.0.0
Dialog DLL:      DARMSTM.DLL V1.65.0.0
Target DLL:      STLink\ST-LINKIII-KEIL_SWO.dll V2.0.14.0_KEIL
Dialog DLL:      TARMSTM.DLL V1.64.0.0
 
<h2>Project:</h2>
D:\BaiduNetdiskDownload\TFT1.3´çÒº¾§ÆÁ\1.3 TFT\stm32²âÊÔ\STM32F103C8³ÌÐò_Ðý×ª90¶È\USER\OLED.uvprojx
Project File Date:  02/27/2019

<h2>Output:</h2>
Rebuild target 'Target 1'
compiling main.c...
main.c(28): warning:  #550-D: variable "lx" was set but never used
        u16 lx,ly;
main.c(28): warning:  #550-D: variable "ly" was set but never used
        u16 lx,ly;
main.c(61): warning:  #177-D: variable "t" was declared but never referenced
   {    u8 t;
main.c: 3 warnings, 0 errors
compiling stm32f10x_it.c...
compiling system_stm32f10x.c...
compiling oled.c...
compiling delay.c...
compiling sys.c...
compiling usart.c...
compiling core_cm3.c...
assembling startup_stm32f10x_hd.s...
compiling misc.c...
compiling stm32f10x_gpio.c...
compiling stm32f10x_rcc.c...
compiling stm32f10x_usart.c...
linking...
Program Size: Code=6668 RO-data=5056 RW-data=976 ZI-data=1832  
FromELF: creating hex file...
"..\OBJ\OLED.axf" - 0 Error(s), 3 Warning(s).

<h2>Collection of Component include folders:</h2>
  D:\BaiduNetdiskDownload\TFT1.3´çÒº¾§ÆÁ\1.3 TFT\stm32²âÊÔ\STM32F103C8³ÌÐò_Ðý×ª90¶È\USER\RTE
  C:\Keil_v5\ARM\PACK\Keil\STM32F1xx_DFP\1.0.5\Device\Include

<h2>Collection of Component Files used:</h2>
</pre>
</body>
</html>
